2026-10-05 22:09:32,690 [INFO] Scraping 13 events
2026-10-05 22:09:34,049 [INFO]   49941: DGVTour #1 South Shire Open (Apr 24-25, 2021), 14 divisions, 2 rounds
2026-10-05 22:10:07,426 [INFO]   49942: DGVTour #2 Stone Village Shootout + WGE (May 8-9, 2021), 10 divisions, 2 rounds
2026-10-05 22:10:31,769 [INFO]   49943: DGVTour #3 Quarries Throwdown (May 22-23, 2021), 12 divisions, 2 rounds
2026-10-05 22:11:00,495 [INFO]   49944: DGVTour #4 Sap Bucket Open XVIII (Jun 5-6, 2021), 13 divisions, 2 rounds
2026-10-05 22:11:31,413 [INFO]   49945: DGVTour #5 Brewster Ridge Open  (Jun 18-20, 2021), 12 divisions, 3 rounds
2026-10-05 22:12:14,824 [INFO]   49951: DGVTour #6 Gnomes Challenge (Jul 3-4, 2021), 13 divisions, 2 rounds
2026-10-05 22:12:45,611 [INFO]   49952: DGVTour #7 Run for the Border (Jul 16-18, 2021), 11 divisions, 3 rounds
2026-10-05 22:13:25,796 [INFO]   49953: DGVTour #8 Magic Mountain Open (Jul 31-Aug 1, 2021), 13 divisions, 2 rounds
2026-10-05 22:13:56,563 [INFO]   49954: DGVTour #9 North Calais Open (Aug 14-15, 2021), 12 divisions, 2 rounds
2026-10-05 22:14:25,158 [INFO]   49955: DGVTour #10 Base Camp Open (Aug 28-29, 2021), 9 divisions, 2 rounds
2026-10-05 22:14:47,492 [INFO]   49956: DGVTour #11 Vista Beast Challenge (Sep 18-19, 2021), 10 divisions, 2 rounds
2026-10-05 22:15:12,730 [INFO]   49957: DGVTour #12 Rotary Southern Vermont Championship (Oct 2-3, 2021), 11 divisions, 2 rounds
2026-10-05 22:15:39,223 [INFO]   49958: DGVTour Finals Vermont State Championship (Oct 16-17, 2021), 13 divisions, 2 rounds
2026-10-05 22:16:09,123 [INFO] 
Parsing raw files
2026-10-05 22:16:09,231 [INFO]     49941  2021   334 player-rounds,  330 usable (99%),   5946 hole scores  DGVTour #1 South Shire Open
2026-10-05 22:16:09,283 [INFO]     49942  2021   172 player-rounds,  168 usable (98%),   3024 hole scores  DGVTour #2 Stone Village Shootout + WGE
2026-10-05 22:16:09,355 [INFO]     49943  2021   298 player-rounds,  296 usable (99%),   5328 hole scores  DGVTour #3 Quarries Throwdown
2026-10-05 22:16:09,447 [INFO]     49944  2021   360 player-rounds,  355 usable (99%),   6390 hole scores  DGVTour #4 Sap Bucket Open XVIII
2026-10-05 22:16:09,609 [INFO]     49945  2021   756 player-rounds,  754 usable (100%),  13572 hole scores  DGVTour #5 Brewster Ridge Open 
2026-10-05 22:16:09,664 [INFO]     49951  2021   186 player-rounds,  186 usable (100%),   3348 hole scores  DGVTour #6 Gnomes Challenge
2026-10-05 22:16:09,741 [INFO]     49952  2021   303 player-rounds,  298 usable (98%),   5364 hole scores  DGVTour #7 Run for the Border
2026-10-05 22:16:09,807 [INFO]     49953  2021   252 player-rounds,  250 usable (99%),   4500 hole scores  DGVTour #8 Magic Mountain Open
2026-10-05 22:16:09,862 [INFO]     49954  2021   214 player-rounds,    0 usable (0%),     28 hole scores  DGVTour #9 North Calais Open
2026-10-05 22:16:09,897 [INFO]     49955  2021   120 player-rounds,  119 usable (99%),   2142 hole scores  DGVTour #10 Base Camp Open
2026-10-05 22:16:09,936 [INFO]     49956  2021   132 player-rounds,  132 usable (100%),   2376 hole scores  DGVTour #11 Vista Beast Challenge
2026-10-05 22:16:09,995 [INFO]     49957  2021   128 player-rounds,  127 usable (99%),   2286 hole scores  DGVTour #12 Rotary Southern Vermont Championship
2026-10-05 22:16:10,065 [INFO]     49958  2021   288 player-rounds,  286 usable (99%),   5148 hole scores  DGVTour Finals Vermont State Championship
2026-10-05 22:16:10,266 [INFO] 
13 events (13 with hole scores), 3543 player-rounds (3301 usable), 59452 hole scores
2026-10-05 22:16:10,267 [INFO] Unfinished (999) rounds: 19; hole sum != round score: 0
2026-10-05 22:16:10,267 [INFO] Tables -> /Users/luc/Fall 2026/Data Science 2/disc-golf-play-styles-ds2-2026/data/2021/processed
