2026-10-05 21:55:59,985 [INFO] Scraping 12 events
2026-10-05 21:56:01,266 [INFO]   67158: DGVTour Opener - South Shire Shootout (Apr 29-30, 2023), 13 divisions, 2 rounds
2026-10-05 21:56:33,958 [INFO]   67159: DGVTour #2 - Gnomes Challenge XV (May 13-14, 2023), 13 divisions, 2 rounds
2026-10-05 21:57:05,147 [INFO]   67160: DGVTour #3 - Quarries Throwdown (May 27-28, 2023), 13 divisions, 2 rounds
2026-10-05 21:57:36,286 [INFO]   67161: DGVTour #4 - Sap Bucket Open XXI (Jun 10-11, 2023), 13 divisions, 2 rounds
2026-10-05 21:58:07,827 [INFO]   67514: DGVTour #5 - Brewster Ridge Open Driven by Innova (Jun 23-25, 2023), 16 divisions, 3 rounds
2026-10-05 21:59:04,047 [INFO]   67713: DGVTour #6 - Jeezum Crow Jam (Jul 8-9, 2023), 12 divisions, 2 rounds
2026-10-05 21:59:32,926 [INFO]   67796: DGVTour #7 - Black Falls Open (Jul 22-23, 2023), 13 divisions, 2 rounds
2026-10-05 22:00:04,459 [INFO]   68282: DGVTour #8 - North Calais Open (Sep 9-10, 2023), 15 divisions, 2 rounds
2026-10-05 22:00:40,201 [INFO]   68349: DGVTour #9 - Magic Mountain Open (Sep 9-10, 2023), 0 divisions, 3 rounds
2026-10-05 22:00:44,402 [INFO]   68642: DGVTour #10 - Cold Hollow Classic (Sep 23-24, 2023), 14 divisions, 2 rounds
2026-10-05 22:01:18,122 [INFO]   68786: DGVTour #11 - The Hills Are Alive (Oct 7-8, 2023), 14 divisions, 2 rounds
2026-10-05 22:01:56,012 [INFO]   68805: DGVTour Finals - Vermont State Championship (Oct 21-22, 2023), 15 divisions, 2 rounds
2026-10-05 22:02:30,816 [INFO] 
Parsing raw files
2026-10-05 22:02:30,911 [INFO]     67158  2023   290 player-rounds,  285 usable (98%),   5130 hole scores  DGVTour Opener - South Shire Shootout
2026-10-05 22:02:30,986 [INFO]     67159  2023   268 player-rounds,  265 usable (99%),   4770 hole scores  DGVTour #2 - Gnomes Challenge XV
2026-10-05 22:02:31,060 [INFO]     67160  2023   304 player-rounds,  301 usable (99%),   5418 hole scores  DGVTour #3 - Quarries Throwdown
2026-10-05 22:02:31,141 [INFO]     67161  2023   340 player-rounds,  339 usable (100%),   6102 hole scores  DGVTour #4 - Sap Bucket Open XXI
2026-10-05 22:02:31,338 [INFO]     67514  2023  1008 player-rounds,  979 usable (97%),  17630 hole scores  DGVTour #5 - Brewster Ridge Open Driven by Innova
2026-10-05 22:02:31,393 [INFO]     67713  2023   146 player-rounds,  144 usable (99%),   2592 hole scores  DGVTour #6 - Jeezum Crow Jam
2026-10-05 22:02:31,465 [INFO]     67796  2023   292 player-rounds,  291 usable (100%),   5238 hole scores  DGVTour #7 - Black Falls Open
2026-10-05 22:02:31,529 [INFO]     68282  2023   256 player-rounds,  253 usable (99%),   4554 hole scores  DGVTour #8 - North Calais Open
2026-10-05 22:02:31,529 [INFO]     68349  2023     0 player-rounds,    0 usable (0%),      0 hole scores  DGVTour #9 - Magic Mountain Open
2026-10-05 22:02:31,626 [INFO]     68642  2023   350 player-rounds,  348 usable (99%),   6264 hole scores  DGVTour #10 - Cold Hollow Classic
2026-10-05 22:02:31,681 [INFO]     68786  2023   214 player-rounds,  214 usable (100%),   3852 hole scores  DGVTour #11 - The Hills Are Alive
2026-10-05 22:02:31,784 [INFO]     68805  2023   460 player-rounds,  448 usable (97%),   8074 hole scores  DGVTour Finals - Vermont State Championship
2026-10-05 22:02:32,029 [INFO] 
12 events (11 with hole scores), 3928 player-rounds (3867 usable), 69624 hole scores
2026-10-05 22:02:32,030 [INFO] Unfinished (999) rounds: 38; hole sum != round score: 0
2026-10-05 22:02:32,030 [INFO] Tables -> /Users/luc/Fall 2026/Data Science 2/disc-golf-play-styles-ds2-2026/data/2023/processed
