2026-10-05 21:35:09,495 [INFO] Scraping 11 events
2026-10-05 21:35:10,807 [INFO]   98155: DGVTour #1 - South Shire Shootout (Apr 18-19, 2026), 15 divisions, 2 rounds
2026-10-05 21:35:46,105 [INFO]   98157: DGVTour #2 - Battle of Pittsford (Sunday, Apr 26, 2026), 14 divisions, 2 rounds
2026-10-05 21:36:19,193 [INFO]   98161: DGVTour #3 - Gnomes Challenge (May 9-10, 2026), 19 divisions, 2 rounds
2026-10-05 21:37:03,124 [INFO]   98162: DGVTour #4 - Quarries Throwdown + WGE (May 23-24, 2026), 18 divisions, 2 rounds
2026-10-05 21:37:44,992 [INFO]   98220: DGVTour #5 - Sap Bucket Open (Jun 6-7, 2026), 15 divisions, 2 rounds
2026-10-05 21:38:20,160 [INFO]   97998: DGVTour #6 - Brewster Ridge Open Driven by Innova - DGPT Q-Series (Jun 19-21, 2026), 15 divisions, 3 rounds
2026-10-05 21:39:12,856 [INFO]   98242: DGVTour #7 - Black Falls Open (Jul 11-12, 2026), 14 divisions, 2 rounds
2026-10-05 21:39:46,050 [INFO]   98252: DGVTour #8 - North Calais Open (Aug 8-9, 2026), 15 divisions, 2 rounds
2026-10-05 21:40:21,322 [INFO]   98424: DGVTour #9 - Kingdom Open (Aug 22-23, 2026), 17 divisions, 2 rounds
2026-10-05 21:41:00,870 [INFO]   98313: DGVTour #10 - Capital City Cup (Sep 5-6, 2026), 10 divisions, 2 rounds
2026-10-05 21:41:24,925 [INFO]   98254: DGVTour #11 - Cold Hollow Classic (Sep 26-27, 2026), 18 divisions, 2 rounds
2026-10-05 21:42:05,875 [INFO] 
Parsing raw files
2026-10-05 21:42:05,964 [INFO]     98155  2026   310 player-rounds,  305 usable (98%),   5505 hole scores  DGVTour #1 - South Shire Shootout
2026-10-05 21:42:06,024 [INFO]     98157  2026   180 player-rounds,  179 usable (99%),   3222 hole scores  DGVTour #2 - Battle of Pittsford
2026-10-05 21:42:06,093 [INFO]     98161  2026   238 player-rounds,  237 usable (100%),   4272 hole scores  DGVTour #3 - Gnomes Challenge
2026-10-05 21:42:06,188 [INFO]     98162  2026   314 player-rounds,  313 usable (100%),   5634 hole scores  DGVTour #4 - Quarries Throwdown + WGE
2026-10-05 21:42:06,255 [INFO]     98220  2026   170 player-rounds,  169 usable (99%),   3042 hole scores  DGVTour #5 - Sap Bucket Open
2026-10-05 21:42:06,455 [INFO]     97998  2026  1059 player-rounds, 1043 usable (98%),  18802 hole scores  DGVTour #6 - Brewster Ridge Open Driven by Innova - DGPT Q-Series
2026-10-05 21:42:06,538 [INFO]     98242  2026   222 player-rounds,  222 usable (100%),   3996 hole scores  DGVTour #7 - Black Falls Open
2026-10-05 21:42:06,612 [INFO]     98252  2026   252 player-rounds,  249 usable (99%),   4482 hole scores  DGVTour #8 - North Calais Open
2026-10-05 21:42:06,696 [INFO]     98424  2026   208 player-rounds,  206 usable (99%),   3708 hole scores  DGVTour #9 - Kingdom Open
2026-10-05 21:42:06,763 [INFO]     98313  2026   126 player-rounds,  126 usable (100%),   2268 hole scores  DGVTour #10 - Capital City Cup
2026-10-05 21:42:06,842 [INFO]     98254  2026   302 player-rounds,  300 usable (99%),   5400 hole scores  DGVTour #11 - Cold Hollow Classic
2026-10-05 21:42:07,044 [INFO] 
11 events (11 with hole scores), 3381 player-rounds (3349 usable), 60331 hole scores
2026-10-05 21:42:07,045 [INFO] Unfinished (999) rounds: 16; hole sum != round score: 0
2026-10-05 21:42:07,045 [INFO] Tables -> /Users/luc/Fall 2026/Data Science 2/disc-golf-play-styles-ds2-2026/data/2026/processed
